Starting…
Skipping step 'Verilator Lint'…
Skipping step 'Lint Timing Error Checker'…
Skipping step 'Lint Errors Checker'…
Skipping step 'Lint Warnings Checker'…
Skipping step 'Generate JSON Header'…
Skipping step 'Synthesis'…
Skipping step 'Unmapped Cells Checker'…
Skipping step 'Yosys Synth Checks'…
Skipping step 'Netlist Assign Statement Checker'…
Skipping step 'Check SDC Files'…
Skipping step 'Check Macro Instances'…
Skipping step 'STA (Pre-PnR)'…
Skipping step 'Floorplan Init'…
Skipping step 'Check Antenna Properties of Macros Pins in Their LEF Views'…
Skipping step 'Set Power Connections'…
Skipping step 'Manual Macro Placement'…
Skipping step 'Cut Rows'…
Skipping step 'Tap/Decap Insertion'…
Skipping step 'Add PDN obstructions'…
Skipping step 'Generate PDN'…
Skipping step 'Remove PDN obstructions'…
Skipping step 'Add Obstructions'…
Skipping step 'Global Placement Skip IO'…
Skipping step 'I/O Placement'…
Skipping step 'Custom I/O Placement'…
Skipping step 'Apply DEF Template'…
Skipping step 'Global Placement'…
Skipping step 'Write Verilog Header'…
Skipping step 'Power Grid Violation Checker'…
Skipping step 'STA (Mid-PnR)'…
Skipping step 'Repair Design (Post-Global Placement)'…
Skipping step 'Detailed Placement'…
Skipping step 'Clock Tree Synthesis'…
Skipping step 'STA (Mid-PnR)'…
Skipping step 'Resizer Timing Optimizations (Post-Clock Tree Synthesis)'…
Skipping step 'STA (Mid-PnR)'…
Running 'OpenROAD.GlobalRouting'…
Logging subprocess to [repr.filename][link=file:///home/kbandla/Hardware-for-AI-and-ML/project/m4/synth/runs/RUN_2026-06-06_22-02-33/01-openroad-globalrouting/openroad-globalrouting.log]project/m4/synth/runs/RUN_2026-06-06_22-02-33/01-openroad-globalrouting/openroad-globalrouting.log[/link][/repr.filename]…
Running 'OpenROAD.CheckAntennas'…
Logging subprocess to [repr.filename][link=file:///home/kbandla/Hardware-for-AI-and-ML/project/m4/synth/runs/RUN_2026-06-06_22-02-33/02-openroad-checkantennas/openroad-checkantennas.log]project/m4/synth/runs/RUN_2026-06-06_22-02-33/02-openroad-checkantennas/openroad-checkantennas.log[/link][/repr.filename]…
Gating variable for step 'OpenROAD.RepairDesignPostGRT' set to 'False'- the step will be skipped.
Skipping step 'Repair Design (Post-Global Routing)'…
Running 'Odb.DiodesOnPorts'…
'DIODE_ON_PORTS' is set to 'none': skipping…
Gating variable for step 'Odb.HeuristicDiodeInsertion' set to 'False'- the step will be skipped.
Skipping step 'Heuristic Diode Insertion'…
Gating variable for step 'OpenROAD.RepairAntennas' set to 'False'- the step will be skipped.
Skipping step 'Antenna Repair'…
Gating variable for step 'OpenROAD.ResizerTimingPostGRT' set to 'False'- the step will be skipped.
Skipping step 'Resizer Timing Optimizations (Post-Global Routing)'…
Running 'OpenROAD.STAMidPNR-3'…
Logging subprocess to [repr.filename][link=file:///home/kbandla/Hardware-for-AI-and-ML/project/m4/synth/runs/RUN_2026-06-06_22-02-33/04-openroad-stamidpnr-3/openroad-stamidpnr-3.log]project/m4/synth/runs/RUN_2026-06-06_22-02-33/04-openroad-stamidpnr-3/openroad-stamidpnr-3.log[/link][/repr.filename]…
Running 'OpenROAD.DetailedRouting'…
Running TritonRoute with 16 threads…
Logging subprocess to [repr.filename][link=file:///home/kbandla/Hardware-for-AI-and-ML/project/m4/synth/runs/RUN_2026-06-06_22-02-33/05-openroad-detailedrouting/openroad-detailedrouting.log]project/m4/synth/runs/RUN_2026-06-06_22-02-33/05-openroad-detailedrouting/openroad-detailedrouting.log[/link][/repr.filename]…
Running 'Odb.RemoveRoutingObstructions'…
'ROUTING_OBSTRUCTIONS' is not defined. Skipping 'Odb.RemoveRoutingObstructions'…
Running 'OpenROAD.CheckAntennas-1'…
Logging subprocess to [repr.filename][link=file:///home/kbandla/Hardware-for-AI-and-ML/project/m4/synth/runs/RUN_2026-06-06_22-02-33/07-openroad-checkantennas-1/openroad-checkantennas-1.log]project/m4/synth/runs/RUN_2026-06-06_22-02-33/07-openroad-checkantennas-1/openroad-checkantennas-1.log[/link][/repr.filename]…
Running 'Checker.TrDRC'…
Check for Routing DRC errors clear.
Running 'Odb.ReportDisconnectedPins'…
Logging subprocess to [repr.filename][link=file:///home/kbandla/Hardware-for-AI-and-ML/project/m4/synth/runs/RUN_2026-06-06_22-02-33/09-odb-reportdisconnectedpins/odb-reportdisconnectedpins.log]project/m4/synth/runs/RUN_2026-06-06_22-02-33/09-odb-reportdisconnectedpins/odb-reportdisconnectedpins.log[/link][/repr.filename]…
Running 'Checker.DisconnectedPins'…
Check for critical disconnected pins clear.
Running 'Odb.ReportWireLength'…
Logging subprocess to [repr.filename][link=file:///home/kbandla/Hardware-for-AI-and-ML/project/m4/synth/runs/RUN_2026-06-06_22-02-33/11-odb-reportwirelength/odb-reportwirelength.log]project/m4/synth/runs/RUN_2026-06-06_22-02-33/11-odb-reportwirelength/odb-reportwirelength.log[/link][/repr.filename]…
Running 'Checker.WireLength'…
Threshold for Threshold-surpassing long wires is not set. The checker will be skipped.
Running 'OpenROAD.FillInsertion'…
Logging subprocess to [repr.filename][link=file:///home/kbandla/Hardware-for-AI-and-ML/project/m4/synth/runs/RUN_2026-06-06_22-02-33/13-openroad-fillinsertion/openroad-fillinsertion.log]project/m4/synth/runs/RUN_2026-06-06_22-02-33/13-openroad-fillinsertion/openroad-fillinsertion.log[/link][/repr.filename]…
Running 'OpenROAD.RCX'…
Running RCX for corners matching nom_* (/home/kbandla/Hardware-for-AI-and-ML/project/m4/synth/runs/RUN_2026-06-06_22-02-33/14-openroad-rcx/nom/rcx.log)…
Running RCX for corners matching min_* (/home/kbandla/Hardware-for-AI-and-ML/project/m4/synth/runs/RUN_2026-06-06_22-02-33/14-openroad-rcx/min/rcx.log)…
Running RCX for corners matching max_* (/home/kbandla/Hardware-for-AI-and-ML/project/m4/synth/runs/RUN_2026-06-06_22-02-33/14-openroad-rcx/max/rcx.log)…
Logging subprocess to [repr.filename][link=file:///home/kbandla/Hardware-for-AI-and-ML/project/m4/synth/runs/RUN_2026-06-06_22-02-33/14-openroad-rcx/nom/rcx.log]project/m4/synth/runs/RUN_2026-06-06_22-02-33/14-openroad-rcx/nom/rcx.log[/link][/repr.filename]…
Logging subprocess to [repr.filename][link=file:///home/kbandla/Hardware-for-AI-and-ML/project/m4/synth/runs/RUN_2026-06-06_22-02-33/14-openroad-rcx/max/rcx.log]project/m4/synth/runs/RUN_2026-06-06_22-02-33/14-openroad-rcx/max/rcx.log[/link][/repr.filename]…
Logging subprocess to [repr.filename][link=file:///home/kbandla/Hardware-for-AI-and-ML/project/m4/synth/runs/RUN_2026-06-06_22-02-33/14-openroad-rcx/min/rcx.log]project/m4/synth/runs/RUN_2026-06-06_22-02-33/14-openroad-rcx/min/rcx.log[/link][/repr.filename]…
Finished RCX for corners matching nom_*.
Finished RCX for corners matching min_*.
Finished RCX for corners matching max_*.
Running 'OpenROAD.STAPostPNR'…
Starting STA for the nom_tt_025C_1v80 timing corner…
Starting STA for the nom_ss_100C_1v60 timing corner…
Starting STA for the nom_ff_n40C_1v95 timing corner…
Logging subprocess to [repr.filename][link=file:///home/kbandla/Hardware-for-AI-and-ML/project/m4/synth/runs/RUN_2026-06-06_22-02-33/15-openroad-stapostpnr/nom_tt_025C_1v80/sta.log]project/m4/synth/runs/RUN_2026-06-06_22-02-33/15-openroad-stapostpnr/nom_tt_025C_1v80/sta.log[/link][/repr.filename]…
Starting STA for the min_tt_025C_1v80 timing corner…
Starting STA for the min_ss_100C_1v60 timing corner…
Logging subprocess to [repr.filename][link=file:///home/kbandla/Hardware-for-AI-and-ML/project/m4/synth/runs/RUN_2026-06-06_22-02-33/15-openroad-stapostpnr/nom_ss_100C_1v60/sta.log]project/m4/synth/runs/RUN_2026-06-06_22-02-33/15-openroad-stapostpnr/nom_ss_100C_1v60/sta.log[/link][/repr.filename]…
Starting STA for the min_ff_n40C_1v95 timing corner…
Starting STA for the max_tt_025C_1v80 timing corner…
Starting STA for the max_ss_100C_1v60 timing corner…
Starting STA for the max_ff_n40C_1v95 timing corner…
Logging subprocess to [repr.filename][link=file:///home/kbandla/Hardware-for-AI-and-ML/project/m4/synth/runs/RUN_2026-06-06_22-02-33/15-openroad-stapostpnr/nom_ff_n40C_1v95/sta.log]project/m4/synth/runs/RUN_2026-06-06_22-02-33/15-openroad-stapostpnr/nom_ff_n40C_1v95/sta.log[/link][/repr.filename]…
Logging subprocess to [repr.filename][link=file:///home/kbandla/Hardware-for-AI-and-ML/project/m4/synth/runs/RUN_2026-06-06_22-02-33/15-openroad-stapostpnr/min_tt_025C_1v80/sta.log]project/m4/synth/runs/RUN_2026-06-06_22-02-33/15-openroad-stapostpnr/min_tt_025C_1v80/sta.log[/link][/repr.filename]…
Logging subprocess to [repr.filename][link=file:///home/kbandla/Hardware-for-AI-and-ML/project/m4/synth/runs/RUN_2026-06-06_22-02-33/15-openroad-stapostpnr/min_ss_100C_1v60/sta.log]project/m4/synth/runs/RUN_2026-06-06_22-02-33/15-openroad-stapostpnr/min_ss_100C_1v60/sta.log[/link][/repr.filename]…
Logging subprocess to [repr.filename][link=file:///home/kbandla/Hardware-for-AI-and-ML/project/m4/synth/runs/RUN_2026-06-06_22-02-33/15-openroad-stapostpnr/max_ss_100C_1v60/sta.log]project/m4/synth/runs/RUN_2026-06-06_22-02-33/15-openroad-stapostpnr/max_ss_100C_1v60/sta.log[/link][/repr.filename]…
Logging subprocess to [repr.filename][link=file:///home/kbandla/Hardware-for-AI-and-ML/project/m4/synth/runs/RUN_2026-06-06_22-02-33/15-openroad-stapostpnr/min_ff_n40C_1v95/sta.log]project/m4/synth/runs/RUN_2026-06-06_22-02-33/15-openroad-stapostpnr/min_ff_n40C_1v95/sta.log[/link][/repr.filename]…
Logging subprocess to [repr.filename][link=file:///home/kbandla/Hardware-for-AI-and-ML/project/m4/synth/runs/RUN_2026-06-06_22-02-33/15-openroad-stapostpnr/max_tt_025C_1v80/sta.log]project/m4/synth/runs/RUN_2026-06-06_22-02-33/15-openroad-stapostpnr/max_tt_025C_1v80/sta.log[/link][/repr.filename]…
Logging subprocess to [repr.filename][link=file:///home/kbandla/Hardware-for-AI-and-ML/project/m4/synth/runs/RUN_2026-06-06_22-02-33/15-openroad-stapostpnr/max_ff_n40C_1v95/sta.log]project/m4/synth/runs/RUN_2026-06-06_22-02-33/15-openroad-stapostpnr/max_ff_n40C_1v95/sta.log[/link][/repr.filename]…
Finished STA for the min_tt_025C_1v80 timing corner.
Logging subprocess to [repr.filename][link=file:///home/kbandla/Hardware-for-AI-and-ML/project/m4/synth/runs/RUN_2026-06-06_22-02-33/15-openroad-stapostpnr/min_tt_025C_1v80/filter_unannotated.log]project/m4/synth/runs/RUN_2026-06-06_22-02-33/15-openroad-stapostpnr/min_tt_025C_1v80/filter_unannotated.log[/link][/repr.filename]…
Finished STA for the min_ss_100C_1v60 timing corner.
Logging subprocess to [repr.filename][link=file:///home/kbandla/Hardware-for-AI-and-ML/project/m4/synth/runs/RUN_2026-06-06_22-02-33/15-openroad-stapostpnr/min_ss_100C_1v60/filter_unannotated.log]project/m4/synth/runs/RUN_2026-06-06_22-02-33/15-openroad-stapostpnr/min_ss_100C_1v60/filter_unannotated.log[/link][/repr.filename]…
Finished STA for the nom_tt_025C_1v80 timing corner.
Logging subprocess to [repr.filename][link=file:///home/kbandla/Hardware-for-AI-and-ML/project/m4/synth/runs/RUN_2026-06-06_22-02-33/15-openroad-stapostpnr/nom_tt_025C_1v80/filter_unannotated.log]project/m4/synth/runs/RUN_2026-06-06_22-02-33/15-openroad-stapostpnr/nom_tt_025C_1v80/filter_unannotated.log[/link][/repr.filename]…
Finished STA for the min_ff_n40C_1v95 timing corner.
Logging subprocess to [repr.filename][link=file:///home/kbandla/Hardware-for-AI-and-ML/project/m4/synth/runs/RUN_2026-06-06_22-02-33/15-openroad-stapostpnr/min_ff_n40C_1v95/filter_unannotated.log]project/m4/synth/runs/RUN_2026-06-06_22-02-33/15-openroad-stapostpnr/min_ff_n40C_1v95/filter_unannotated.log[/link][/repr.filename]…
Finished STA for the nom_ss_100C_1v60 timing corner.
Logging subprocess to [repr.filename][link=file:///home/kbandla/Hardware-for-AI-and-ML/project/m4/synth/runs/RUN_2026-06-06_22-02-33/15-openroad-stapostpnr/nom_ss_100C_1v60/filter_unannotated.log]project/m4/synth/runs/RUN_2026-06-06_22-02-33/15-openroad-stapostpnr/nom_ss_100C_1v60/filter_unannotated.log[/link][/repr.filename]…
Finished STA for the nom_ff_n40C_1v95 timing corner.
Logging subprocess to [repr.filename][link=file:///home/kbandla/Hardware-for-AI-and-ML/project/m4/synth/runs/RUN_2026-06-06_22-02-33/15-openroad-stapostpnr/nom_ff_n40C_1v95/filter_unannotated.log]project/m4/synth/runs/RUN_2026-06-06_22-02-33/15-openroad-stapostpnr/nom_ff_n40C_1v95/filter_unannotated.log[/link][/repr.filename]…
Finished STA for the max_tt_025C_1v80 timing corner.
Logging subprocess to [repr.filename][link=file:///home/kbandla/Hardware-for-AI-and-ML/project/m4/synth/runs/RUN_2026-06-06_22-02-33/15-openroad-stapostpnr/max_tt_025C_1v80/filter_unannotated.log]project/m4/synth/runs/RUN_2026-06-06_22-02-33/15-openroad-stapostpnr/max_tt_025C_1v80/filter_unannotated.log[/link][/repr.filename]…
Finished STA for the max_ff_n40C_1v95 timing corner.
Logging subprocess to [repr.filename][link=file:///home/kbandla/Hardware-for-AI-and-ML/project/m4/synth/runs/RUN_2026-06-06_22-02-33/15-openroad-stapostpnr/max_ff_n40C_1v95/filter_unannotated.log]project/m4/synth/runs/RUN_2026-06-06_22-02-33/15-openroad-stapostpnr/max_ff_n40C_1v95/filter_unannotated.log[/link][/repr.filename]…
Finished STA for the max_ss_100C_1v60 timing corner.
Logging subprocess to [repr.filename][link=file:///home/kbandla/Hardware-for-AI-and-ML/project/m4/synth/runs/RUN_2026-06-06_22-02-33/15-openroad-stapostpnr/max_ss_100C_1v60/filter_unannotated.log]project/m4/synth/runs/RUN_2026-06-06_22-02-33/15-openroad-stapostpnr/max_ss_100C_1v60/filter_unannotated.log[/link][/repr.filename]…
Running 'OpenROAD.IRDropReport'…
'VSRC_LOC_FILES' was not given a value, which may make the results of IR drop analysis inaccurate. If you are not integrating a top-level chip for manufacture, you may ignore this warning, otherwise, see the documentation for 'VSRC_LOC_FILES'.
Logging subprocess to [repr.filename][link=file:///home/kbandla/Hardware-for-AI-and-ML/project/m4/synth/runs/RUN_2026-06-06_22-02-33/16-openroad-irdropreport/openroad-irdropreport.log]project/m4/synth/runs/RUN_2026-06-06_22-02-33/16-openroad-irdropreport/openroad-irdropreport.log[/link][/repr.filename]…
[STA-0562] analyze_power_grid -voltage_file is not a known keyword or flag.
