131. Printing statistics.

=== crossbar_mac ===

   Number of wires:                691
   Number of wire bits:            787
   Number of public wires:          24
   Number of public wire bits:     120
   Number of ports:                  8
   Number of port bits:            104
   Number of memories:               0
   Number of memory bits:            0
   Number of processes:              0
   Number of cells:                747
     sky130_fd_sc_hd__a211o_2        1
     sky130_fd_sc_hd__a211oi_2       1
     sky130_fd_sc_hd__a21bo_2        2
     sky130_fd_sc_hd__a21o_2        48
     sky130_fd_sc_hd__a21oi_2       29
     sky130_fd_sc_hd__a22o_2         1
     sky130_fd_sc_hd__a22oi_2        2
     sky130_fd_sc_hd__a2bb2o_2       1
     sky130_fd_sc_hd__a311oi_2       1
     sky130_fd_sc_hd__a31o_2         3
     sky130_fd_sc_hd__a31oi_2        1
     sky130_fd_sc_hd__a32o_2         1
     sky130_fd_sc_hd__and2_2        59
     sky130_fd_sc_hd__and2b_2       25
     sky130_fd_sc_hd__and3_2         7
     sky130_fd_sc_hd__and3b_2        3
     sky130_fd_sc_hd__buf_2          3
     sky130_fd_sc_hd__dfstp_2       16
     sky130_fd_sc_hd__inv_2         18
     sky130_fd_sc_hd__mux2_1       124
     sky130_fd_sc_hd__nand2_2       59
     sky130_fd_sc_hd__nand2b_2      24
     sky130_fd_sc_hd__nor2_2        50
     sky130_fd_sc_hd__nor3b_2        1
     sky130_fd_sc_hd__o211a_2        4
     sky130_fd_sc_hd__o211ai_2       2
     sky130_fd_sc_hd__o21a_2         4
     sky130_fd_sc_hd__o21ai_2       23
     sky130_fd_sc_hd__o21ba_2        4
     sky130_fd_sc_hd__o21bai_2       3
     sky130_fd_sc_hd__o22a_2         4
     sky130_fd_sc_hd__o22ai_2        1
     sky130_fd_sc_hd__o311a_2        1
     sky130_fd_sc_hd__o31a_2         3
     sky130_fd_sc_hd__or2_2         20
     sky130_fd_sc_hd__or3_2         11
     sky130_fd_sc_hd__or3b_2        10
     sky130_fd_sc_hd__or4_2          7
     sky130_fd_sc_hd__xnor2_2       75
     sky130_fd_sc_hd__xor2_2        95

   Chip area for module '\crossbar_mac': 7967.641600
     of which used for sequential elements: 420.403200 (5.28%)

